should escape dollar signs in user-supplied values:
  1: |
    config.yaml.tpl: |
      server:
        listenAddress: ":80${DOLLAR}test"
        exposedAddress: ""
        stunPorts:
          - 3478
        metricsPort: 9090
        healthcheckAddress: ":9000"
        logLevel: "info"
        logFile: "console"

        authSecret: "${AUTH_SECRET}"
        dataDir: "/var/lib/netbird"

        auth:
          issuer: ""
          signKeyRefreshEnabled: true
          cliRedirectURIs:
            - "http://localhost:53000/"

        store:
          engine: "sqlite"
          dsn: ""
          encryptionKey: "${ENCRYPTION_KEY}"
should include seed.yaml for postgresql:
  1: |
    config.yaml.tpl: |
      server:
        listenAddress: ":80"
        exposedAddress: ""
        stunPorts:
          - 3478
        metricsPort: 9090
        healthcheckAddress: ":9000"
        logLevel: "info"
        logFile: "console"

        authSecret: "${AUTH_SECRET}"
        dataDir: "/var/lib/netbird"

        auth:
          issuer: ""
          signKeyRefreshEnabled: true
          cliRedirectURIs:
            - "http://localhost:53000/"

        store:
          engine: "postgres"
          dsn: "host=pg.example.com user=netbird password=${DB_PASSWORD} dbname=netbird port=5432 sslmode=disable"
          encryptionKey: "${ENCRYPTION_KEY}"
    seed.yaml: |
      database:
        driver: postgres
        host: pg.example.com
        port: 5432
        user: netbird
        password: "{{ env.DB_PASSWORD }}"
        name: netbird
        options:
          sslmode: disable
      phases:
        - name: create-database
          database: netbird
          create_if_missing: true
should match default config snapshot:
  1: |
    config.yaml.tpl: |
      server:
        listenAddress: ":80"
        exposedAddress: ""
        stunPorts:
          - 3478
        metricsPort: 9090
        healthcheckAddress: ":9000"
        logLevel: "info"
        logFile: "console"

        authSecret: "${AUTH_SECRET}"
        dataDir: "/var/lib/netbird"

        auth:
          issuer: ""
          signKeyRefreshEnabled: true
          cliRedirectURIs:
            - "http://localhost:53000/"

        store:
          engine: "sqlite"
          dsn: ""
          encryptionKey: "${ENCRYPTION_KEY}"
should not include seed.yaml for sqlite:
  1: |
    config.yaml.tpl: |
      server:
        listenAddress: ":80"
        exposedAddress: ""
        stunPorts:
          - 3478
        metricsPort: 9090
        healthcheckAddress: ":9000"
        logLevel: "info"
        logFile: "console"

        authSecret: "${AUTH_SECRET}"
        dataDir: "/var/lib/netbird"

        auth:
          issuer: ""
          signKeyRefreshEnabled: true
          cliRedirectURIs:
            - "http://localhost:53000/"

        store:
          engine: "sqlite"
          dsn: ""
          encryptionKey: "${ENCRYPTION_KEY}"
should render auth issuer from values:
  1: |
    config.yaml.tpl: |
      server:
        listenAddress: ":80"
        exposedAddress: ""
        stunPorts:
          - 3478
        metricsPort: 9090
        healthcheckAddress: ":9000"
        logLevel: "info"
        logFile: "console"

        authSecret: "${AUTH_SECRET}"
        dataDir: "/var/lib/netbird"

        auth:
          issuer: "https://auth.example.com"
          signKeyRefreshEnabled: true
          cliRedirectURIs:
            - "http://localhost:53000/"

        store:
          engine: "sqlite"
          dsn: ""
          encryptionKey: "${ENCRYPTION_KEY}"
should render dashboard redirect URIs:
  1: |
    config.yaml.tpl: |
      server:
        listenAddress: ":80"
        exposedAddress: ""
        stunPorts:
          - 3478
        metricsPort: 9090
        healthcheckAddress: ":9000"
        logLevel: "info"
        logFile: "console"

        authSecret: "${AUTH_SECRET}"
        dataDir: "/var/lib/netbird"

        auth:
          issuer: ""
          signKeyRefreshEnabled: true
          dashboardRedirectURIs:
            - "https://netbird.example.com/nb-auth"
            - "https://netbird.example.com/nb-silent-auth"
          cliRedirectURIs:
            - "http://localhost:53000/"

        store:
          engine: "sqlite"
          dsn: ""
          encryptionKey: "${ENCRYPTION_KEY}"
should render exposed address from values:
  1: |
    config.yaml.tpl: |
      server:
        listenAddress: ":80"
        exposedAddress: "https://netbird.example.com"
        stunPorts:
          - 3478
        metricsPort: 9090
        healthcheckAddress: ":9000"
        logLevel: "info"
        logFile: "console"

        authSecret: "${AUTH_SECRET}"
        dataDir: "/var/lib/netbird"

        auth:
          issuer: ""
          signKeyRefreshEnabled: true
          cliRedirectURIs:
            - "http://localhost:53000/"

        store:
          engine: "sqlite"
          dsn: ""
          encryptionKey: "${ENCRYPTION_KEY}"
should render listen address from values:
  1: |
    config.yaml.tpl: |
      server:
        listenAddress: ":8080"
        exposedAddress: ""
        stunPorts:
          - 3478
        metricsPort: 9090
        healthcheckAddress: ":9000"
        logLevel: "info"
        logFile: "console"

        authSecret: "${AUTH_SECRET}"
        dataDir: "/var/lib/netbird"

        auth:
          issuer: ""
          signKeyRefreshEnabled: true
          cliRedirectURIs:
            - "http://localhost:53000/"

        store:
          engine: "sqlite"
          dsn: ""
          encryptionKey: "${ENCRYPTION_KEY}"
should render mysql engine with constructed DSN:
  1: |
    config.yaml.tpl: |
      server:
        listenAddress: ":80"
        exposedAddress: ""
        stunPorts:
          - 3478
        metricsPort: 9090
        healthcheckAddress: ":9000"
        logLevel: "info"
        logFile: "console"

        authSecret: "${AUTH_SECRET}"
        dataDir: "/var/lib/netbird"

        auth:
          issuer: ""
          signKeyRefreshEnabled: true
          cliRedirectURIs:
            - "http://localhost:53000/"

        store:
          engine: "mysql"
          dsn: "netbird:${DB_PASSWORD}@tcp(mysql.example.com:3306)/netbird"
          encryptionKey: "${ENCRYPTION_KEY}"
    seed.yaml: |
      database:
        driver: mysql
        host: mysql.example.com
        port: 3306
        user: netbird
        password: "{{ env.DB_PASSWORD }}"
        name: netbird
      phases:
        - name: create-database
          database: netbird
          create_if_missing: true
should render postgres engine with constructed DSN:
  1: |
    config.yaml.tpl: |
      server:
        listenAddress: ":80"
        exposedAddress: ""
        stunPorts:
          - 3478
        metricsPort: 9090
        healthcheckAddress: ":9000"
        logLevel: "info"
        logFile: "console"

        authSecret: "${AUTH_SECRET}"
        dataDir: "/var/lib/netbird"

        auth:
          issuer: ""
          signKeyRefreshEnabled: true
          cliRedirectURIs:
            - "http://localhost:53000/"

        store:
          engine: "postgres"
          dsn: "host=pg.example.com user=netbird password=${DB_PASSWORD} dbname=netbird port=5432 sslmode=disable"
          encryptionKey: "${ENCRYPTION_KEY}"
    seed.yaml: |
      database:
        driver: postgres
        host: pg.example.com
        port: 5432
        user: netbird
        password: "{{ env.DB_PASSWORD }}"
        name: netbird
        options:
          sslmode: disable
      phases:
        - name: create-database
          database: netbird
          create_if_missing: true
should render sqlite engine with empty DSN:
  1: |
    config.yaml.tpl: |
      server:
        listenAddress: ":80"
        exposedAddress: ""
        stunPorts:
          - 3478
        metricsPort: 9090
        healthcheckAddress: ":9000"
        logLevel: "info"
        logFile: "console"

        authSecret: "${AUTH_SECRET}"
        dataDir: "/var/lib/netbird"

        auth:
          issuer: ""
          signKeyRefreshEnabled: true
          cliRedirectURIs:
            - "http://localhost:53000/"

        store:
          engine: "sqlite"
          dsn: ""
          encryptionKey: "${ENCRYPTION_KEY}"
